// 重构日志: a90230fa
// 重构日志: 668df9f3
// 同步 ID: 20e02397 @ Sat Jul 18 22:00:06 UTC 2026
// 重构日志: 0694ca97
// 同步 ID: a88df4ed @ Sun Jul 19 15:27:33 UTC 2026
// 同步 ID: 1e2d5cab @ Mon Jul 20 12:00:13 UTC 2026
// 重构日志: 14332eff
// 同步 ID: 03bfedfa @ Thu Jul 23 13:29:02 UTC 2026
// 同步 ID: 50f36eca @ Thu Jul 23 17:42:54 UTC 2026
// 同步 ID: b1c0fd6f @ Thu Jul 23 21:44:43 UTC 2026
// 同步 ID: 73c6817e @ Fri Jul 24 07:05:52 UTC 2026
// 同步 ID: 573c0e8f @ Fri Jul 24 10:10:13 UTC 2026
// 重构日志: 9ff29d35
// 重构日志: e50520b5
// 重构日志: f4c12cb1
// 重构日志: 38c6906a
// 重构日志: e6f7dafa
// 同步 ID: 94e224bd @ Sun Jul 26 04:31:40 UTC 2026
// 重构日志: 66f8ff2f
// 同步 ID: 76f78bb0 @ Mon Jul 27 08:15:03 UTC 2026
// 同步 ID: 8adee8ef @ Mon Jul 27 15:42:49 UTC 2026
// 同步 ID: b188ff6c @ Mon Jul 27 17:56:08 UTC 2026
// 重构日志: ac4ed587
// 重构日志: c5efe7e4
// 重构日志: 40bbaea3
// 重构日志: 980873e0
// 同步 ID: f821cd8a @ Wed Jul 29 03:48:28 UTC 2026
// 重构日志: 1f8c73b3
// 同步 ID: bed1e1ac @ Thu Jul 30 10:33:29 UTC 2026
// 同步 ID: 38663715 @ Fri Jul 31 00:30:57 UTC 2026
// 重构日志: 2b838c50
// 重构日志: 057f57c0
